// Jest Snapshot v1, https://goo.gl/fbAQLP

exports[`containers/fields/base/Text renders correctly 1`] = `
<Provider
  store={
    Object {
      "dispatch": [Function],
      "getState": [Function],
      "replaceReducer": [Function],
      "subscribe": [Function],
      Symbol(observable): [Function],
    }
  }
>
  <Connect(Text)
    assignFieldValueActionCreator={[MockFunction]}
    defaultLanguage="English"
    fieldElement={
      Object {
        "bind": Object {
          "required": "Yes",
        },
        "label": Object {
          "English": "Name of the event",
        },
        "name": "event_name",
        "type": "text",
      }
    }
    fieldParentTreeName=""
    fieldValue="hello"
  >
    <Text
      addErrorInputIdActionCreator={[Function]}
      assignFieldValueActionCreator={[Function]}
      defaultLanguage="English"
      fieldElement={
        Object {
          "bind": Object {
            "required": "Yes",
          },
          "label": Object {
            "English": "Name of the event",
          },
          "name": "event_name",
          "type": "text",
        }
      }
      fieldParentTreeName=""
      fieldValue="hello"
      getEvaluatedExpressionSelector={[Function]}
      isComponentRender={true}
      isPresentInErrorSelector={[Function]}
      removeErrorInputIdActionCreator={[Function]}
    >
      <FormGroup
        tag="div"
      >
        <div
          className="form-group"
        >
          <Label
            tag="label"
            widths={
              Array [
                "xs",
                "sm",
                "md",
                "lg",
                "xl",
              ]
            }
          >
            <label
              className=""
            >
              Name of the event
            </label>
          </Label>
          <Label
            className="requiredTextSteric"
            tag="label"
            widths={
              Array [
                "xs",
                "sm",
                "md",
                "lg",
                "xl",
              ]
            }
          >
            <label
              className="requiredTextSteric"
            >
              *
            </label>
          </Label>
          <Input
            name="event_name"
            onBlur={[Function]}
            onChange={[Function]}
            readOnly={false}
            type="text"
            value="hello"
          >
            <input
              className="form-control"
              name="event_name"
              onBlur={[Function]}
              onChange={[Function]}
              readOnly={false}
              type="text"
              value="hello"
            />
          </Input>
        </div>
      </FormGroup>
    </Text>
  </Connect(Text)>
</Provider>
`;
