// Jest Snapshot v1, https://goo.gl/fbAQLP

exports[`App renders App correctly 1`] = `
<Provider
  store={
    Object {
      "dispatch": [Function],
      "getState": [Function],
      "replaceReducer": [Function],
      "subscribe": [Function],
      Symbol(observable): [Function],
    }
  }
>
  <Connect(App)
    csvList={Object {}}
    defaultLanguage="English"
    fieldElements={Array []}
    formTitle="ODK"
    handleSubmit={[MockFunction]}
    userInputJson={Object {}}
  >
    <App
      csvList={Object {}}
      defaultLanguage="English"
      fieldElements={Array []}
      formTitle="ODK"
      handleSubmit={[MockFunction]}
      isNoErrors={true}
      setUserInputAction={[Function]}
      userInputJson={Object {}}
      userInputObj={Object {}}
    >
      <Container
        className="form-container"
        tag="div"
      >
        <div
          className="form-container container"
        >
          <Row
            className="form-title formTitle"
            tag="div"
          >
            <div
              className="form-title formTitle row"
            >
              <Col
                tag="div"
                widths={
                  Array [
                    "xs",
                    "sm",
                    "md",
                    "lg",
                    "xl",
                  ]
                }
              >
                <div
                  className="col"
                >
                  <h3>
                    ODK
                  </h3>
                </div>
              </Col>
            </div>
          </Row>
          <Row
            className="formFieldBody"
            tag="div"
          >
            <div
              className="formFieldBody row"
            >
              <GroupTypeEvaluator
                csvList={Object {}}
                defaultLanguage="English"
                fieldElements={Array []}
                fieldParentTreeName=""
              >
                <div />
              </GroupTypeEvaluator>
            </div>
          </Row>
          <Row
            className="welcome-box"
            tag="div"
          >
            <div
              className="welcome-box row"
            >
              <Col
                tag="div"
                widths={
                  Array [
                    "xs",
                    "sm",
                    "md",
                    "lg",
                    "xl",
                  ]
                }
              >
                <div
                  className="col"
                >
                  <Button
                    className="btn btn-success"
                    color="secondary"
                    onClick={[Function]}
                    tag="button"
                  >
                    <button
                      aria-label={null}
                      className="btn btn-success btn btn-secondary"
                      onClick={[Function]}
                      type="button"
                    >
                      Submit
                    </button>
                  </Button>
                </div>
              </Col>
            </div>
          </Row>
        </div>
      </Container>
    </App>
  </Connect(App)>
</Provider>
`;
